// Jest Snapshot v1, https://goo.gl/fbAQLP

exports[`ErrorIndicator should render correctly 1`] = `""`;
