// Jest Snapshot v1, https://goo.gl/fbAQLP

exports[`Header should render correctly 1`] = `
<header
  className="header-root"
>
  <div>
    <span>
      Search of Repositories in GitHub
    </span>
  </div>
</header>
`;
